class javax.script.ScriptException
class io.sqreen.nashorn.internal.runtime.ECMAException
Error: foo
true
Error
foo
33
