bcd
[jdk.dynalink.beans.SimpleDynamicMethod java.lang.String(char[],int,int)]
red
TypeError: No such Java class: java.lang.NonExistent
TypeError: No such Java constructor: Object(String)
TypeError: Java constructor signature invalid: Object()xxxxx
TypeError: Java constructor signature invalid: Object(
TypeError: Java constructor signature invalid: Object)
TypeError: Java method [jdk.dynalink.beans.OverloadedDynamicMethod
 String java.lang.System.getProperty(String,String)
 String java.lang.System.getProperty(String)
] cannot be used as a constructor.
TypeError: Java method [jdk.dynalink.beans.OverloadedDynamicMethod
 void org.gradle.internal.io.LinePerThreadBufferingOutputStream.println()
 void org.gradle.internal.io.LinePerThreadBufferingOutputStream.println(boolean)
 void org.gradle.internal.io.LinePerThreadBufferingOutputStream.println(char)
 void org.gradle.internal.io.LinePerThreadBufferingOutputStream.println(char[])
 void org.gradle.internal.io.LinePerThreadBufferingOutputStream.println(double)
 void org.gradle.internal.io.LinePerThreadBufferingOutputStream.println(float)
 void org.gradle.internal.io.LinePerThreadBufferingOutputStream.println(int)
 void org.gradle.internal.io.LinePerThreadBufferingOutputStream.println(long)
 void org.gradle.internal.io.LinePerThreadBufferingOutputStream.println(Object)
 void org.gradle.internal.io.LinePerThreadBufferingOutputStream.println(String)
] cannot be used as a constructor.
TypeError: Constructor [jdk.dynalink.beans.SimpleDynamicMethod java.lang.String(char[],int,int)] requires "new".
TypeError: No such Java constructor: Runnable()
TypeError: No such Java constructor: Runnable(int)
java.lang.InstantiationException: java.io.InputStream
