TypeError: new cannot be used with non-public java type io.sqreen.nashorn.test.models.NonPublicClass.
